// Jest Snapshot v1, https://goo.gl/fbAQLP

exports[`<ButtonBase /> should render correctly 1`] = `
.emotion-0 {
  display: -webkit-inline-box;
  display: -webkit-inline-flex;
  display: -ms-inline-flexbox;
  display: inline-flex;
  -webkit-align-items: center;
  -webkit-box-align: center;
  -ms-flex-align: center;
  align-items: center;
  padding: 0;
  margin: 0;
  border: 0;
  background: none;
  cursor: pointer;
}

.emotion-0:disabled {
  cursor: not-allowed;
}

<div>
  <button
    class="emotion-0"
  >
    Lorem Ipsum
  </button>
</div>
`;
